// Jest Snapshot v1, https://goo.gl/fbAQLP

exports[`Robo container renders mainpage without crashing 1`] = `undefined`;
